Γû▓ Next.js 16.1.0 (webpack)
- Environments: .env

  Creating an optimized production build ...
Γ£ô Compiled successfully in 12.8s
  Running TypeScript ...
  Collecting page data using 3 workers ...
  Generating static pages using 3 workers (0/9) ...
  Generating static pages using 3 workers (2/9) 
  Generating static pages using 3 workers (4/9) 
  Generating static pages using 3 workers (6/9) 
Γ£ô Generating static pages using 3 workers (9/9) in 10.2s
  Finalizing page optimization ...
  Collecting build traces ...

Route (app)
Γöî ╞Æ /
Γö£ Γùï /_not-found
Γö£ Γùï /about
Γö£ ╞Æ /admin
Γö£ ╞Æ /admin/analytics
Γö£ ╞Æ /admin/blog
Γö£ ╞Æ /admin/education
Γö£ ╞Æ /admin/experience
Γö£ ╞Æ /admin/messages
Γö£ ╞Æ /admin/profile
Γö£ ╞Æ /admin/projects
Γö£ ╞Æ /admin/projects/commits
Γö£ ╞Æ /admin/settings
Γö£ ╞Æ /admin/skills
Γö£ ╞Æ /admin/social
Γö£ ╞Æ /api/analytics
Γö£ Γùï /blog
Γö£ ╞Æ /blog/[slug]
Γö£ Γùï /contact
Γö£ ╞Æ /projects
Γö£ ╞Æ /projects/[slug]
Γö£ Γùï /robots.txt
Γöö ╞Æ /sitemap.xml


╞Æ Proxy (Middleware)

Γùï  (Static)   prerendered as static content
╞Æ  (Dynamic)  server-rendered on demand

